%!Adobe-FontList 1.13
%Locale:0x409

%BeginFont
Handler:DirectoryHandler
FontType:Type1
FontName:Aileron-Italic
FamilyName:Aileron
StyleName:Italic
MenuName:Aileron
StyleBits:1
WeightClass:400
WidthClass:5
AngleClass:1
FullName:Aileron Italic
WritingScript:Roman
OutlineFileName:\Aileron-Italic.otf
DataFormat:sfntData
UsesStandardEncoding:yes
isCFF:yes
FileLength:29616
FileModTime:1399408600
%EndFont

%BeginFont
Handler:DirectoryHandler
FontType:Type1
FontName:Aileron-Regular
FamilyName:Aileron
StyleName:Regular
MenuName:Aileron
StyleBits:0
WeightClass:400
WidthClass:5
AngleClass:0
FullName:Aileron
WritingScript:Roman
OutlineFileName:\Aileron-Regular.otf
DataFormat:sfntData
UsesStandardEncoding:yes
isCFF:yes
FileLength:27652
FileModTime:1399408506
%EndFont

%BeginFont
Handler:DirectoryHandler
FontType:Type1
FontName:Aileron-SemiBold
FamilyName:Aileron
StyleName:SemiBold
MenuName:Aileron SemiBold
StyleBits:0
WeightClass:600
WidthClass:5
AngleClass:0
FullName:Aileron SemiBold
WritingScript:Roman
OutlineFileName:\Aileron-SemiBold.otf
DataFormat:sfntData
UsesStandardEncoding:yes
isCFF:yes
FileLength:28880
FileModTime:1399408544
%EndFont

%BeginFont
Handler:DirectoryHandler
FontType:TrueType
FontName:Vollkorn-Italic
FamilyName:Vollkorn
StyleName:Italic
MenuName:Vollkorn
StyleBits:1
WeightClass:400
WidthClass:5
AngleClass:1
FullName:Vollkorn Italic
WritingScript:Roman
OutlineFileName:\Vollkorn-Italic.ttf
DataFormat:sfntData
FileLength:101384
FileModTime:1395152268
%EndFont

%BeginFont
Handler:DirectoryHandler
FontType:TrueType
FontName:Vollkorn-Regular
FamilyName:Vollkorn
StyleName:Regular
MenuName:Vollkorn
StyleBits:0
WeightClass:400
WidthClass:5
AngleClass:0
FullName:Vollkorn
WritingScript:Roman
OutlineFileName:\Vollkorn-Regular.ttf
DataFormat:sfntData
FileLength:117320
FileModTime:1395152308
%EndFont

